// Jest Snapshot v1, https://goo.gl/fbAQLP

exports[`renders without crashing 1`] = `
<svg
  className="Link"
>
  <line
    className="Link-line"
    x1={10}
    x2={30}
    y1={20}
    y2={40}
  />
</svg>
`;
