// Jest Snapshot v1, https://goo.gl/fbAQLP

exports[`renders without crashing 1`] = `
<div
  className="MousePosition"
  onMouseMove={[Function]}
  onMouseUp={[Function]}
>
  <div
    id="content"
  />
</div>
`;
