// Jest Snapshot v1, https://goo.gl/fbAQLP

exports[`renders without crashing 1`] = `
<div
  className="TextField"
>
  <TextField
    className="TextField-input"
    disabled={false}
    floatingLabelFixed={false}
    fullWidth={true}
    hintText="A value"
    multiLine={false}
    onChange={[Function]}
    rows={1}
    type="text"
    underlineShow={true}
    value="TextField value"
  />
  <div
    className="TextField-size"
  >
    TextField value
  </div>
</div>
`;
